108.162.246.6 - - [24/Jul/2022:04:13:12 +0200] "GET /sitemap.xml HTTP/1.1" 200 1128 "-" "Mozilla/5.0 (compatible; bingbot/2.0; +http://www.bing.com/bingbot.htm)" "157.55.39.98"
162.158.107.222 - - [24/Jul/2022:04:20:58 +0200] "GET /sitemaps.xml HTTP/1.1" 200 1128 "-" "Mozilla/5.0 (compatible; bingbot/2.0; +http://www.bing.com/bingbot.htm)" "157.55.39.180"
172.70.174.121 - - [24/Jul/2022:04:44:14 +0200] "GET /atom.xml HTTP/1.1" 200 1128 "-" "Mozilla/5.0 (compatible; bingbot/2.0; +http://www.bing.com/bingbot.htm)" "40.77.167.52"
108.162.245.39 - - [24/Jul/2022:05:20:18 +0200] "GET /sitemap_index.xml HTTP/1.1" 200 1128 "-" "Mozilla/5.0 (compatible; bingbot/2.0; +http://www.bing.com/bingbot.htm)" "157.55.39.98"
172.70.174.117 - - [24/Jul/2022:05:22:44 +0200] "GET /sitemap.xml.gz HTTP/1.1" 200 1128 "-" "Mozilla/5.0 (compatible; bingbot/2.0; +http://www.bing.com/bingbot.htm)" "40.77.167.48"
172.70.175.220 - - [24/Jul/2022:05:23:54 +0200] "GET /sitemap.txt HTTP/1.1" 200 1128 "-" "Mozilla/5.0 (compatible; bingbot/2.0; +http://www.bing.com/bingbot.htm)" "40.77.167.32"
108.162.246.6 - - [24/Jul/2022:21:02:43 +0200] "GET /sitemap.xml HTTP/1.1" 200 1128 "-" "Mozilla/5.0 (compatible; bingbot/2.0; +http://www.bing.com/bingbot.htm)" "157.55.39.98"
162.158.107.222 - - [24/Jul/2022:21:10:07 +0200] "GET /sitemaps.xml HTTP/1.1" 200 1128 "-" "Mozilla/5.0 (compatible; bingbot/2.0; +http://www.bing.com/bingbot.htm)" "157.55.39.180"
172.70.135.200 - - [24/Jul/2022:21:33:30 +0200] "GET /atom.xml HTTP/1.1" 200 1128 "-" "Mozilla/5.0 (compatible; bingbot/2.0; +http://www.bing.com/bingbot.htm)" "40.77.167.52"
108.162.245.39 - - [24/Jul/2022:22:09:50 +0200] "GET /sitemap_index.xml HTTP/1.1" 200 1128 "-" "Mozilla/5.0 (compatible; bingbot/2.0; +http://www.bing.com/bingbot.htm)" "157.55.39.98"
172.70.34.83 - - [24/Jul/2022:22:12:21 +0200] "GET /sitemap.xml.gz HTTP/1.1" 200 1128 "-" "Mozilla/5.0 (compatible; bingbot/2.0; +http://www.bing.com/bingbot.htm)" "40.77.167.48"
172.70.175.220 - - [24/Jul/2022:22:13:34 +0200] "GET /sitemap.txt HTTP/1.1" 200 1128 "-" "Mozilla/5.0 (compatible; bingbot/2.0; +http://www.bing.com/bingbot.htm)" "40.77.167.32"
172.70.175.204 - - [25/Jul/2022:09:12:49 +0200] "GET / HTTP/1.1" 200 1128 "-" "facebookexternalhit/1.1 (+http://www.facebook.com/externalhit_uatext.php)" "2a03:2880:27ff:9::face:b00c"
172.70.134.251 - - [25/Jul/2022:09:12:49 +0200] "GET / HTTP/1.1" 200 1128 "-" "facebookexternalhit/1.1 (+http://www.facebook.com/externalhit_uatext.php)" "2a03:2880:27ff:8::face:b00c"
162.158.79.116 - - [25/Jul/2022:12:19:03 +0200] "GET /robots.txt HTTP/1.1" 200 1128 "-" "Mozilla/5.0 (compatible; bingbot/2.0; +http://www.bing.com/bingbot.htm)" "40.77.167.102"
162.158.146.31 - - [25/Jul/2022:12:19:12 +0200] "GET /sitemap.xml HTTP/1.1" 200 1128 "-" "Mozilla/5.0 (compatible; bingbot/2.0; +http://www.bing.com/bingbot.htm)" "157.55.39.98"
162.158.146.41 - - [25/Jul/2022:12:27:06 +0200] "GET /sitemaps.xml HTTP/1.1" 200 1128 "-" "Mozilla/5.0 (compatible; bingbot/2.0; +http://www.bing.com/bingbot.htm)" "157.55.39.180"
172.70.135.200 - - [25/Jul/2022:12:50:08 +0200] "GET /atom.xml HTTP/1.1" 200 1128 "-" "Mozilla/5.0 (compatible; bingbot/2.0; +http://www.bing.com/bingbot.htm)" "40.77.167.52"
162.158.146.29 - - [25/Jul/2022:13:26:38 +0200] "GET /sitemap_index.xml HTTP/1.1" 200 1128 "-" "Mozilla/5.0 (compatible; bingbot/2.0; +http://www.bing.com/bingbot.htm)" "157.55.39.98"
172.70.38.39 - - [25/Jul/2022:13:29:18 +0200] "GET /sitemap.xml.gz HTTP/1.1" 200 1128 "-" "Mozilla/5.0 (compatible; bingbot/2.0; +http://www.bing.com/bingbot.htm)" "40.77.167.48"
172.70.175.220 - - [25/Jul/2022:13:30:23 +0200] "GET /sitemap.txt HTTP/1.1" 200 1128 "-" "Mozilla/5.0 (compatible; bingbot/2.0; +http://www.bing.com/bingbot.htm)" "40.77.167.32"
162.158.146.31 - - [26/Jul/2022:06:00:52 +0200] "GET /sitemap.xml HTTP/1.1" 200 1128 "-" "Mozilla/5.0 (compatible; bingbot/2.0; +http://www.bing.com/bingbot.htm)" "157.55.39.98"
162.158.146.41 - - [26/Jul/2022:06:08:34 +0200] "GET /sitemaps.xml HTTP/1.1" 200 1128 "-" "Mozilla/5.0 (compatible; bingbot/2.0; +http://www.bing.com/bingbot.htm)" "157.55.39.180"
172.70.135.200 - - [26/Jul/2022:06:31:36 +0200] "GET /atom.xml HTTP/1.1" 200 1128 "-" "Mozilla/5.0 (compatible; bingbot/2.0; +http://www.bing.com/bingbot.htm)" "40.77.167.52"
162.158.146.29 - - [26/Jul/2022:07:07:48 +0200] "GET /sitemap_index.xml HTTP/1.1" 200 1128 "-" "Mozilla/5.0 (compatible; bingbot/2.0; +http://www.bing.com/bingbot.htm)" "157.55.39.98"
172.70.174.227 - - [26/Jul/2022:07:10:17 +0200] "GET /robots.txt HTTP/1.1" 200 1128 "-" "Mozilla/5.0 (compatible; bingbot/2.0; +http://www.bing.com/bingbot.htm)" "40.77.167.102"
172.70.134.109 - - [26/Jul/2022:07:10:24 +0200] "GET /sitemap.xml.gz HTTP/1.1" 200 1128 "-" "Mozilla/5.0 (compatible; bingbot/2.0; +http://www.bing.com/bingbot.htm)" "40.77.167.48"
172.70.134.103 - - [26/Jul/2022:07:11:53 +0200] "GET /sitemap.txt HTTP/1.1" 200 1128 "-" "Mozilla/5.0 (compatible; bingbot/2.0; +http://www.bing.com/bingbot.htm)" "40.77.167.32"
141.101.76.105 - - [26/Jul/2022:09:17:32 +0200] "GET / HTTP/1.1" 200 1128 "-" "Mozilla/5.0 (Windows NT 10.0; Win64; x64) AppleWebKit/537.36 (KHTML, like Gecko) Chrome/103.0.0.0 Safari/537.36" "217.25.27.58"
141.101.76.105 - - [26/Jul/2022:09:18:55 +0200] "GET /form HTTP/1.1" 301 169 "https://aile.a-group.az/" "Mozilla/5.0 (Windows NT 10.0; Win64; x64) AppleWebKit/537.36 (KHTML, like Gecko) Chrome/103.0.0.0 Safari/537.36" "217.25.27.58"
141.101.76.105 - - [26/Jul/2022:09:18:55 +0200] "GET /form/ HTTP/1.1" 200 3692 "https://aile.a-group.az/" "Mozilla/5.0 (Windows NT 10.0; Win64; x64) AppleWebKit/537.36 (KHTML, like Gecko) Chrome/103.0.0.0 Safari/537.36" "217.25.27.58"
141.101.76.105 - - [26/Jul/2022:09:20:57 +0200] "GET / HTTP/1.1" 200 1128 "-" "Mozilla/5.0 (Windows NT 10.0; Win64; x64) AppleWebKit/537.36 (KHTML, like Gecko) Chrome/103.0.0.0 Safari/537.36" "217.25.27.58"
141.101.76.105 - - [26/Jul/2022:09:20:59 +0200] "GET /form/ HTTP/1.1" 200 3692 "https://aile.a-group.az/" "Mozilla/5.0 (Windows NT 10.0; Win64; x64) AppleWebKit/537.36 (KHTML, like Gecko) Chrome/103.0.0.0 Safari/537.36" "217.25.27.58"
141.101.76.105 - - [26/Jul/2022:09:22:04 +0200] "GET /form/ HTTP/1.1" 200 3692 "-" "Mozilla/5.0 (Windows NT 10.0; Win64; x64) AppleWebKit/537.36 (KHTML, like Gecko) Chrome/103.0.0.0 Safari/537.36" "217.25.27.58"
141.101.76.105 - - [26/Jul/2022:09:25:05 +0200] "GET /form/ HTTP/1.1" 200 3692 "-" "Mozilla/5.0 (Windows NT 10.0; Win64; x64) AppleWebKit/537.36 (KHTML, like Gecko) Chrome/103.0.0.0 Safari/537.36" "217.25.27.58"
141.101.76.105 - - [26/Jul/2022:09:26:11 +0200] "GET /form/ HTTP/1.1" 200 3692 "-" "Mozilla/5.0 (Windows NT 10.0; Win64; x64) AppleWebKit/537.36 (KHTML, like Gecko) Chrome/103.0.0.0 Safari/537.36" "217.25.27.58"
141.101.76.105 - - [26/Jul/2022:10:04:01 +0200] "GET / HTTP/1.1" 200 1128 "-" "Mozilla/5.0 (Windows NT 10.0; Win64; x64) AppleWebKit/537.36 (KHTML, like Gecko) Chrome/103.0.0.0 Safari/537.36" "217.25.27.58"
141.101.76.105 - - [26/Jul/2022:10:04:13 +0200] "GET /form/ HTTP/1.1" 200 3692 "https://aile.a-group.az/" "Mozilla/5.0 (Windows NT 10.0; Win64; x64) AppleWebKit/537.36 (KHTML, like Gecko) Chrome/103.0.0.0 Safari/537.36" "217.25.27.58"
172.70.242.153 - - [26/Jul/2022:10:21:35 +0200] "POST /form/get_empty_form.php HTTP/1.1" 200 2422 "https://aile.a-group.az/form/" "Mozilla/5.0 (Windows NT 10.0; Win64; x64) AppleWebKit/537.36 (KHTML, like Gecko) Chrome/103.0.0.0 Safari/537.36" "217.25.27.58"
172.70.242.153 - - [26/Jul/2022:10:22:54 +0200] "POST /form/get_empty_form.php HTTP/1.1" 200 2422 "https://aile.a-group.az/form/" "Mozilla/5.0 (Windows NT 10.0; Win64; x64) AppleWebKit/537.36 (KHTML, like Gecko) Chrome/103.0.0.0 Safari/537.36" "217.25.27.58"
172.70.242.153 - - [26/Jul/2022:10:23:19 +0200] "POST /form/form.php HTTP/1.1" 200 75 "https://aile.a-group.az/form/" "Mozilla/5.0 (Windows NT 10.0; Win64; x64) AppleWebKit/537.36 (KHTML, like Gecko) Chrome/103.0.0.0 Safari/537.36" "217.25.27.58"
172.70.242.153 - - [26/Jul/2022:10:23:19 +0200] "POST /form/form.php HTTP/1.1" 200 75 "https://aile.a-group.az/form/" "Mozilla/5.0 (Windows NT 10.0; Win64; x64) AppleWebKit/537.36 (KHTML, like Gecko) Chrome/103.0.0.0 Safari/537.36" "217.25.27.58"
172.70.242.153 - - [26/Jul/2022:10:23:20 +0200] "POST /form/form.php HTTP/1.1" 200 75 "https://aile.a-group.az/form/" "Mozilla/5.0 (Windows NT 10.0; Win64; x64) AppleWebKit/537.36 (KHTML, like Gecko) Chrome/103.0.0.0 Safari/537.36" "217.25.27.58"
172.70.175.112 - - [27/Jul/2022:02:52:48 +0200] "GET / HTTP/1.1" 200 1128 "-" "Mozilla/5.0 (compatible; bingbot/2.0; +http://www.bing.com/bingbot.htm)" "40.77.167.48"
162.158.107.42 - - [27/Jul/2022:05:56:10 +0200] "GET /sitemap.xml HTTP/1.1" 200 1128 "-" "Mozilla/5.0 (compatible; bingbot/2.0; +http://www.bing.com/bingbot.htm)" "157.55.39.98"
162.158.106.51 - - [27/Jul/2022:06:03:24 +0200] "GET /sitemaps.xml HTTP/1.1" 200 1128 "-" "Mozilla/5.0 (compatible; bingbot/2.0; +http://www.bing.com/bingbot.htm)" "157.55.39.180"
172.70.38.151 - - [27/Jul/2022:06:26:33 +0200] "GET /atom.xml HTTP/1.1" 200 1128 "-" "Mozilla/5.0 (compatible; bingbot/2.0; +http://www.bing.com/bingbot.htm)" "40.77.167.52"
172.71.150.173 - - [27/Jul/2022:07:02:46 +0200] "GET /sitemap_index.xml HTTP/1.1" 200 1128 "-" "Mozilla/5.0 (compatible; bingbot/2.0; +http://www.bing.com/bingbot.htm)" "157.55.39.98"
172.70.34.83 - - [27/Jul/2022:07:05:30 +0200] "GET /sitemap.xml.gz HTTP/1.1" 200 1128 "-" "Mozilla/5.0 (compatible; bingbot/2.0; +http://www.bing.com/bingbot.htm)" "40.77.167.48"
172.70.134.103 - - [27/Jul/2022:07:06:35 +0200] "GET /sitemap.txt HTTP/1.1" 200 1128 "-" "Mozilla/5.0 (compatible; bingbot/2.0; +http://www.bing.com/bingbot.htm)" "40.77.167.32"
172.70.174.117 - - [27/Jul/2022:16:26:33 +0200] "GET /sitemap.xml.gz HTTP/1.1" 200 1128 "-" "Mozilla/5.0 (compatible; bingbot/2.0; +http://www.bing.com/bingbot.htm)" "40.77.167.48"
172.70.175.220 - - [27/Jul/2022:16:31:50 +0200] "GET /sitemap.txt HTTP/1.1" 200 1128 "-" "Mozilla/5.0 (compatible; bingbot/2.0; +http://www.bing.com/bingbot.htm)" "40.77.167.32"
162.158.107.42 - - [27/Jul/2022:20:33:05 +0200] "GET /sitemap.xml HTTP/1.1" 200 1128 "-" "Mozilla/5.0 AppleWebKit/537.36 (KHTML, like Gecko; compatible; bingbot/2.0; +http://www.bing.com/bingbot.htm) Chrome/100.0.4896.127 Safari/537.36" "157.55.39.98"
172.71.150.121 - - [27/Jul/2022:20:40:29 +0200] "GET /sitemaps.xml HTTP/1.1" 200 1128 "-" "Mozilla/5.0 (compatible; bingbot/2.0; +http://www.bing.com/bingbot.htm)" "157.55.39.180"
172.70.174.121 - - [27/Jul/2022:21:03:25 +0200] "GET /atom.xml HTTP/1.1" 200 1128 "-" "Mozilla/5.0 (compatible; bingbot/2.0; +http://www.bing.com/bingbot.htm)" "40.77.167.52"
162.158.107.12 - - [27/Jul/2022:21:39:41 +0200] "GET /sitemap_index.xml HTTP/1.1" 200 1128 "-" "Mozilla/5.0 (compatible; bingbot/2.0; +http://www.bing.com/bingbot.htm)" "157.55.39.98"
172.71.150.121 - - [28/Jul/2022:06:37:58 +0200] "GET /sitemaps.xml HTTP/1.1" 200 1128 "-" "Mozilla/5.0 (compatible; bingbot/2.0; +http://www.bing.com/bingbot.htm)" "157.55.39.180"
172.70.134.85 - - [28/Jul/2022:08:41:51 +0200] "GET /robots.txt HTTP/1.1" 200 1128 "-" "Mozilla/5.0 (compatible; bingbot/2.0; +http://www.bing.com/bingbot.htm)" "40.77.167.102"
162.158.78.27 - - [28/Jul/2022:08:41:56 +0200] "GET /atom.xml HTTP/1.1" 200 1128 "-" "Mozilla/5.0 (compatible; bingbot/2.0; +http://www.bing.com/bingbot.htm)" "40.77.167.52"
172.70.174.227 - - [28/Jul/2022:11:54:18 +0200] "GET /robots.txt HTTP/1.1" 200 1128 "-" "Mozilla/5.0 (compatible; bingbot/2.0; +http://www.bing.com/bingbot.htm)" "40.77.167.102"
162.158.107.12 - - [28/Jul/2022:11:54:26 +0200] "GET /sitemap_index.xml HTTP/1.1" 200 1128 "-" "Mozilla/5.0 (compatible; bingbot/2.0; +http://www.bing.com/bingbot.htm)" "157.55.39.98"
172.70.34.83 - - [28/Jul/2022:12:08:13 +0200] "GET /sitemap.xml.gz HTTP/1.1" 200 1128 "-" "Mozilla/5.0 (compatible; bingbot/2.0; +http://www.bing.com/bingbot.htm)" "40.77.167.48"
172.70.134.103 - - [28/Jul/2022:12:13:43 +0200] "GET /sitemap.txt HTTP/1.1" 200 1128 "-" "Mozilla/5.0 (compatible; bingbot/2.0; +http://www.bing.com/bingbot.htm)" "40.77.167.32"
162.158.107.42 - - [28/Jul/2022:16:26:02 +0200] "GET /sitemap.xml HTTP/1.1" 200 1128 "-" "Mozilla/5.0 (compatible; bingbot/2.0; +http://www.bing.com/bingbot.htm)" "157.55.39.98"
172.71.142.101 - - [29/Jul/2022:02:57:36 +0200] "GET /sitemaps.xml HTTP/1.1" 200 1128 "-" "Mozilla/5.0 (compatible; bingbot/2.0; +http://www.bing.com/bingbot.htm)" "157.55.39.180"
172.70.135.200 - - [29/Jul/2022:04:50:12 +0200] "GET /atom.xml HTTP/1.1" 200 1128 "-" "Mozilla/5.0 (compatible; bingbot/2.0; +http://www.bing.com/bingbot.htm)" "40.77.167.52"
162.158.107.12 - - [29/Jul/2022:07:46:09 +0200] "GET /sitemap_index.xml HTTP/1.1" 200 1128 "-" "Mozilla/5.0 (compatible; bingbot/2.0; +http://www.bing.com/bingbot.htm)" "157.55.39.98"
172.70.175.220 - - [29/Jul/2022:08:04:39 +0200] "GET /sitemap.txt HTTP/1.1" 200 1128 "-" "Mozilla/5.0 (compatible; bingbot/2.0; +http://www.bing.com/bingbot.htm)" "40.77.167.32"
162.158.91.26 - - [29/Jul/2022:10:16:33 +0200] "GET / HTTP/1.1" 200 1128 "-" "Mozilla/5.0 (Windows NT 10.0; Win64; x64) AppleWebKit/537.36 (KHTML, like Gecko) Chrome/103.0.0.0 Safari/537.36" "217.25.27.58"
172.71.102.143 - - [29/Jul/2022:11:46:47 +0200] "GET / HTTP/1.1" 200 1128 "-" "Mozilla/5.0 (Windows NT 10.0; Win64; x64) AppleWebKit/537.36 (KHTML, like Gecko) Chrome/103.0.0.0 Safari/537.36" "217.25.27.58"
172.71.102.143 - - [29/Jul/2022:11:46:53 +0200] "GET /form HTTP/1.1" 301 169 "https://aile.a-group.az/" "Mozilla/5.0 (Windows NT 10.0; Win64; x64) AppleWebKit/537.36 (KHTML, like Gecko) Chrome/103.0.0.0 Safari/537.36" "217.25.27.58"
172.71.102.143 - - [29/Jul/2022:11:46:53 +0200] "GET /form/ HTTP/1.1" 200 3692 "https://aile.a-group.az/" "Mozilla/5.0 (Windows NT 10.0; Win64; x64) AppleWebKit/537.36 (KHTML, like Gecko) Chrome/103.0.0.0 Safari/537.36" "217.25.27.58"
162.158.107.42 - - [29/Jul/2022:12:04:53 +0200] "GET /sitemap.xml HTTP/1.1" 200 1128 "-" "Mozilla/5.0 (compatible; bingbot/2.0; +http://www.bing.com/bingbot.htm)" "157.55.39.98"
172.70.246.229 - - [29/Jul/2022:13:24:48 +0200] "GET /test HTTP/1.1" 301 169 "-" "Mozilla/5.0 (Windows NT 10.0; Win64; x64) AppleWebKit/537.36 (KHTML, like Gecko) Chrome/103.0.0.0 Safari/537.36" "217.25.27.58"
172.70.246.229 - - [29/Jul/2022:13:24:48 +0200] "GET /test/ HTTP/1.1" 200 9349 "-" "Mozilla/5.0 (Windows NT 10.0; Win64; x64) AppleWebKit/537.36 (KHTML, like Gecko) Chrome/103.0.0.0 Safari/537.36" "217.25.27.58"
172.70.246.177 - - [29/Jul/2022:13:25:45 +0200] "GET /test HTTP/1.1" 301 169 "-" "Mozilla/5.0 (Windows NT 10.0; Win64; x64) AppleWebKit/537.36 (KHTML, like Gecko) Chrome/103.0.0.0 Safari/537.36" "217.25.27.58"
172.70.246.177 - - [29/Jul/2022:13:25:45 +0200] "GET /test/ HTTP/1.1" 200 9349 "-" "Mozilla/5.0 (Windows NT 10.0; Win64; x64) AppleWebKit/537.36 (KHTML, like Gecko) Chrome/103.0.0.0 Safari/537.36" "217.25.27.58"
172.70.246.177 - - [29/Jul/2022:13:26:26 +0200] "GET /test/ HTTP/1.1" 200 9349 "-" "Mozilla/5.0 (Windows NT 10.0; Win64; x64) AppleWebKit/537.36 (KHTML, like Gecko) Chrome/103.0.0.0 Safari/537.36" "217.25.27.58"
172.70.250.169 - - [29/Jul/2022:13:27:14 +0200] "GET /test HTTP/1.1" 301 169 "-" "Mozilla/5.0 (Windows NT 10.0; Win64; x64) AppleWebKit/537.36 (KHTML, like Gecko) Chrome/103.0.0.0 Safari/537.36" "217.25.27.58"
172.70.250.169 - - [29/Jul/2022:13:27:15 +0200] "GET /test/ HTTP/1.1" 200 9349 "-" "Mozilla/5.0 (Windows NT 10.0; Win64; x64) AppleWebKit/537.36 (KHTML, like Gecko) Chrome/103.0.0.0 Safari/537.36" "217.25.27.58"
172.70.246.177 - - [29/Jul/2022:13:29:03 +0200] "GET / HTTP/1.1" 200 1128 "-" "Mozilla/5.0 (Windows NT 10.0; Win64; x64) AppleWebKit/537.36 (KHTML, like Gecko) Chrome/103.0.0.0 Safari/537.36" "217.25.27.58"
172.70.246.177 - - [29/Jul/2022:13:29:06 +0200] "GET /test HTTP/1.1" 301 169 "-" "Mozilla/5.0 (Windows NT 10.0; Win64; x64) AppleWebKit/537.36 (KHTML, like Gecko) Chrome/103.0.0.0 Safari/537.36" "217.25.27.58"
172.70.246.177 - - [29/Jul/2022:13:29:07 +0200] "GET /test/ HTTP/1.1" 200 9349 "-" "Mozilla/5.0 (Windows NT 10.0; Win64; x64) AppleWebKit/537.36 (KHTML, like Gecko) Chrome/103.0.0.0 Safari/537.36" "217.25.27.58"
172.70.246.177 - - [29/Jul/2022:13:30:08 +0200] "GET /test/ HTTP/1.1" 200 9349 "-" "Mozilla/5.0 (Windows NT 10.0; Win64; x64) AppleWebKit/537.36 (KHTML, like Gecko) Chrome/103.0.0.0 Safari/537.36" "217.25.27.58"
217.25.27.58 - - [29/Jul/2022:13:41:46 +0200] "GET /complaints HTTP/1.1" 200 1128 "-" "Mozilla/5.0 (Windows NT 10.0; WOW64) AppleWebKit/537.36 (KHTML, like Gecko) Chrome/103.0.0.0 Safari/537.36" "-"
217.25.27.58 - - [29/Jul/2022:13:41:58 +0200] "GET /test HTTP/1.1" 301 169 "-" "Mozilla/5.0 (Windows NT 10.0; WOW64) AppleWebKit/537.36 (KHTML, like Gecko) Chrome/103.0.0.0 Safari/537.36" "-"
217.25.27.58 - - [29/Jul/2022:13:41:58 +0200] "GET /test/ HTTP/1.1" 200 9349 "-" "Mozilla/5.0 (Windows NT 10.0; WOW64) AppleWebKit/537.36 (KHTML, like Gecko) Chrome/103.0.0.0 Safari/537.36" "-"
172.70.178.241 - - [29/Jul/2022:14:53:55 +0200] "GET / HTTP/1.1" 200 1128 "-" "facebookexternalhit/1.1 (+http://www.facebook.com/externalhit_uatext.php)" "2a03:2880:13ff:14::face:b00c"
172.70.134.85 - - [29/Jul/2022:22:04:08 +0200] "GET /robots.txt HTTP/1.1" 200 1128 "-" "Mozilla/5.0 (compatible; Googlebot/2.1; +http://www.google.com/bot.html)" "66.249.66.46"
172.70.134.73 - - [29/Jul/2022:22:04:09 +0200] "GET / HTTP/1.1" 200 1128 "-" "Mozilla/5.0 (compatible; Googlebot/2.1; +http://www.google.com/bot.html)" "66.249.66.44"
172.70.175.112 - - [29/Jul/2022:22:04:10 +0200] "GET / HTTP/1.1" 200 1128 "-" "Mozilla/5.0 (Linux; Android 6.0.1; Nexus 5X Build/MMB29P) AppleWebKit/537.36 (KHTML, like Gecko) Chrome/99.0.4844.84 Mobile Safari/537.36 (compatible; Googlebot/2.1; +http://www.google.com/bot.html)" "66.249.66.220"
162.158.107.42 - - [29/Jul/2022:22:49:45 +0200] "GET /sitemap.xml HTTP/1.1" 200 1128 "-" "Mozilla/5.0 (compatible; bingbot/2.0; +http://www.bing.com/bingbot.htm)" "157.55.39.98"
162.158.106.51 - - [29/Jul/2022:23:30:16 +0200] "GET /sitemaps.xml HTTP/1.1" 200 1128 "-" "Mozilla/5.0 (compatible; bingbot/2.0; +http://www.bing.com/bingbot.htm)" "157.55.39.180"
172.70.38.151 - - [30/Jul/2022:01:27:49 +0200] "GET /atom.xml HTTP/1.1" 200 1128 "-" "Mozilla/5.0 (compatible; bingbot/2.0; +http://www.bing.com/bingbot.htm)" "40.77.167.52"
162.158.107.12 - - [30/Jul/2022:04:45:00 +0200] "GET /sitemap_index.xml HTTP/1.1" 200 1128 "-" "Mozilla/5.0 (compatible; bingbot/2.0; +http://www.bing.com/bingbot.htm)" "157.55.39.98"
172.70.134.103 - - [30/Jul/2022:05:05:08 +0200] "GET /sitemap.txt HTTP/1.1" 200 1128 "-" "Mozilla/5.0 (compatible; bingbot/2.0; +http://www.bing.com/bingbot.htm)" "40.77.167.32"
172.70.174.227 - - [30/Jul/2022:19:29:11 +0200] "GET /robots.txt HTTP/1.1" 200 1128 "-" "Mozilla/5.0 (compatible; bingbot/2.0; +http://www.bing.com/bingbot.htm)" "40.77.167.102"
162.158.107.42 - - [30/Jul/2022:19:29:13 +0200] "GET /sitemap.xml HTTP/1.1" 200 1128 "-" "Mozilla/5.0 (compatible; bingbot/2.0; +http://www.bing.com/bingbot.htm)" "157.55.39.98"
172.71.90.14 - - [31/Jul/2022:07:06:55 +0200] "GET / HTTP/1.1" 200 1128 "-" "facebookexternalhit/1.1 (+http://www.facebook.com/externalhit_uatext.php)" "2a03:2880:32ff:14::face:b00c"
162.158.107.42 - - [31/Jul/2022:15:55:50 +0200] "GET /sitemap.xml HTTP/1.1" 200 1128 "-" "Mozilla/5.0 AppleWebKit/537.36 (KHTML, like Gecko; compatible; bingbot/2.0; +http://www.bing.com/bingbot.htm) Chrome/103.0.5060.134 Safari/537.36" "157.55.39.98"
172.70.242.123 - - [31/Jul/2022:18:20:44 +0200] "GET /?fbclid=IwAR2gKzziqkSGPc9su2dTWGt9KZVT2fXmYhVf3vU5H6PnmenJwQgYmQCSWtU HTTP/1.1" 200 1128 "http://m.facebook.com" "Mozilla/5.0 (iPhone; CPU iPhone OS 15_5 like Mac OS X) AppleWebKit/605.1.15 (KHTML, like Gecko) Mobile/19F77 [FBAN/FBIOS;FBDV/iPhone12,1;FBMD/iPhone;FBSN/iOS;FBSV/15.5;FBSS/2;FBID/phone;FBLC/en_US;FBOP/5]" "195.216.230.100"
141.101.76.141 - - [31/Jul/2022:18:24:14 +0200] "GET /form HTTP/1.1" 301 169 "https://aile.a-group.az/?fbclid=IwAR2gKzziqkSGPc9su2dTWGt9KZVT2fXmYhVf3vU5H6PnmenJwQgYmQCSWtU" "Mozilla/5.0 (iPhone; CPU iPhone OS 15_5 like Mac OS X) AppleWebKit/605.1.15 (KHTML, like Gecko) Mobile/19F77 [FBAN/FBIOS;FBDV/iPhone12,1;FBMD/iPhone;FBSN/iOS;FBSV/15.5;FBSS/2;FBID/phone;FBLC/en_US;FBOP/5]" "195.216.230.100"
141.101.76.141 - - [31/Jul/2022:18:24:14 +0200] "GET /form/ HTTP/1.1" 200 3692 "https://aile.a-group.az/?fbclid=IwAR2gKzziqkSGPc9su2dTWGt9KZVT2fXmYhVf3vU5H6PnmenJwQgYmQCSWtU" "Mozilla/5.0 (iPhone; CPU iPhone OS 15_5 like Mac OS X) AppleWebKit/605.1.15 (KHTML, like Gecko) Mobile/19F77 [FBAN/FBIOS;FBDV/iPhone12,1;FBMD/iPhone;FBSN/iOS;FBSV/15.5;FBSS/2;FBID/phone;FBLC/en_US;FBOP/5]" "195.216.230.100"
162.158.107.42 - - [01/Aug/2022:12:23:49 +0200] "GET /sitemap.xml HTTP/1.1" 200 1128 "-" "Mozilla/5.0 (compatible; bingbot/2.0; +http://www.bing.com/bingbot.htm)" "157.55.39.98"
172.70.85.153 - - [01/Aug/2022:12:36:11 +0200] "GET / HTTP/1.1" 200 1128 "-" "facebookexternalhit/1.1 (+http://www.facebook.com/externalhit_uatext.php)" "2a03:2880:31ff:10::face:b00c"
172.70.246.199 - - [02/Aug/2022:11:16:04 +0200] "GET / HTTP/1.1" 200 1128 "-" "Mozilla/5.0 (Windows NT 10.0; Win64; x64) AppleWebKit/537.36 (KHTML, like Gecko) Chrome/103.0.0.0 Safari/537.36" "217.25.27.58"
172.70.251.28 - - [02/Aug/2022:11:16:10 +0200] "GET /complaints HTTP/1.1" 200 1128 "-" "Mozilla/5.0 (Windows NT 10.0; Win64; x64) AppleWebKit/537.36 (KHTML, like Gecko) Chrome/103.0.0.0 Safari/537.36" "217.25.27.58"
172.70.250.169 - - [02/Aug/2022:11:17:27 +0200] "GET /complaints/ HTTP/1.1" 200 1128 "-" "Mozilla/5.0 (Windows NT 10.0; Win64; x64) AppleWebKit/537.36 (KHTML, like Gecko) Chrome/103.0.0.0 Safari/537.36" "217.25.27.58"
162.158.89.252 - - [02/Aug/2022:11:17:37 +0200] "GET /complaints HTTP/1.1" 200 1128 "-" "Mozilla/5.0 (Windows NT 10.0; Win64; x64) AppleWebKit/537.36 (KHTML, like Gecko) Chrome/103.0.0.0 Safari/537.36" "217.25.27.58"
162.158.89.252 - - [02/Aug/2022:11:17:45 +0200] "GET /complaints/index.php HTTP/1.1" 404 555 "-" "Mozilla/5.0 (Windows NT 10.0; Win64; x64) AppleWebKit/537.36 (KHTML, like Gecko) Chrome/103.0.0.0 Safari/537.36" "217.25.27.58"
172.70.250.33 - - [02/Aug/2022:11:17:51 +0200] "GET /complaints/index.php HTTP/1.1" 404 555 "-" "Mozilla/5.0 (Windows NT 10.0; Win64; x64) AppleWebKit/537.36 (KHTML, like Gecko) Chrome/103.0.0.0 Safari/537.36" "217.25.27.58"
172.70.243.18 - - [02/Aug/2022:11:18:07 +0200] "GET /test HTTP/1.1" 301 169 "-" "Mozilla/5.0 (Windows NT 10.0; Win64; x64) AppleWebKit/537.36 (KHTML, like Gecko) Chrome/103.0.0.0 Safari/537.36" "217.25.27.58"
172.70.243.18 - - [02/Aug/2022:11:18:07 +0200] "GET /test/ HTTP/1.1" 200 9349 "-" "Mozilla/5.0 (Windows NT 10.0; Win64; x64) AppleWebKit/537.36 (KHTML, like Gecko) Chrome/103.0.0.0 Safari/537.36" "217.25.27.58"
172.70.246.177 - - [02/Aug/2022:11:18:19 +0200] "GET /test/ HTTP/1.1" 200 9349 "-" "Mozilla/5.0 (Windows NT 10.0; Win64; x64) AppleWebKit/537.36 (KHTML, like Gecko) Chrome/103.0.0.0 Safari/537.36" "217.25.27.58"
172.70.247.70 - - [02/Aug/2022:11:18:28 +0200] "GET /test/ HTTP/1.1" 200 9349 "-" "Mozilla/5.0 (Windows NT 10.0; Win64; x64) AppleWebKit/537.36 (KHTML, like Gecko) Chrome/103.0.0.0 Safari/537.36" "217.25.27.58"
172.70.246.177 - - [02/Aug/2022:11:21:06 +0200] "GET /test/ HTTP/1.1" 200 9349 "-" "Mozilla/5.0 (Windows NT 10.0; Win64; x64) AppleWebKit/537.36 (KHTML, like Gecko) Chrome/103.0.0.0 Safari/537.36" "217.25.27.58"
172.70.250.169 - - [02/Aug/2022:11:22:04 +0200] "GET /test/ HTTP/1.1" 200 9347 "-" "Mozilla/5.0 (Windows NT 10.0; Win64; x64) AppleWebKit/537.36 (KHTML, like Gecko) Chrome/103.0.0.0 Safari/537.36" "217.25.27.58"
172.70.246.177 - - [02/Aug/2022:11:22:28 +0200] "GET /test/ HTTP/1.1" 200 9355 "-" "Mozilla/5.0 (Windows NT 10.0; Win64; x64) AppleWebKit/537.36 (KHTML, like Gecko) Chrome/103.0.0.0 Safari/537.36" "217.25.27.58"
162.158.91.54 - - [02/Aug/2022:11:22:40 +0200] "GET /test/ HTTP/1.1" 200 9355 "-" "Mozilla/5.0 (Windows NT 10.0; Win64; x64) AppleWebKit/537.36 (KHTML, like Gecko) Chrome/103.0.0.0 Safari/537.36" "217.25.27.58"
172.70.250.169 - - [02/Aug/2022:11:24:02 +0200] "GET /test/ HTTP/1.1" 200 9355 "-" "Mozilla/5.0 (Windows NT 10.0; Win64; x64) AppleWebKit/537.36 (KHTML, like Gecko) Chrome/103.0.0.0 Safari/537.36" "217.25.27.58"
172.71.98.27 - - [02/Aug/2022:11:29:09 +0200] "GET /test/ HTTP/1.1" 200 9355 "-" "Mozilla/5.0 (Windows NT 10.0; Win64; x64) AppleWebKit/537.36 (KHTML, like Gecko) Chrome/103.0.0.0 Safari/537.36" "217.25.27.58"
172.71.94.57 - - [02/Aug/2022:11:29:19 +0200] "GET /test/ HTTP/1.1" 200 9355 "-" "Mozilla/5.0 (Windows NT 10.0; Win64; x64) AppleWebKit/537.36 (KHTML, like Gecko) Chrome/103.0.0.0 Safari/537.36" "217.25.27.58"
162.158.90.151 - - [02/Aug/2022:11:32:32 +0200] "GET /test HTTP/1.1" 301 169 "-" "Mozilla/5.0 (Windows NT 10.0; Win64; x64) AppleWebKit/537.36 (KHTML, like Gecko) Chrome/103.0.0.0 Safari/537.36" "78.109.53.148"
162.158.90.151 - - [02/Aug/2022:11:32:32 +0200] "GET /test/ HTTP/1.1" 200 9355 "-" "Mozilla/5.0 (Windows NT 10.0; Win64; x64) AppleWebKit/537.36 (KHTML, like Gecko) Chrome/103.0.0.0 Safari/537.36" "78.109.53.148"
162.158.90.151 - - [02/Aug/2022:11:33:06 +0200] "GET /test/ HTTP/1.1" 200 9355 "-" "Mozilla/5.0 (Windows NT 10.0; Win64; x64) AppleWebKit/537.36 (KHTML, like Gecko) Chrome/103.0.0.0 Safari/537.36" "78.109.53.148"
172.70.246.199 - - [02/Aug/2022:11:41:27 +0200] "GET /test/ HTTP/1.1" 200 9355 "-" "Mozilla/5.0 (Windows NT 10.0; Win64; x64) AppleWebKit/537.36 (KHTML, like Gecko) Chrome/103.0.0.0 Safari/537.36" "217.25.27.58"
172.70.247.70 - - [02/Aug/2022:11:41:53 +0200] "GET /test/ HTTP/1.1" 200 9355 "-" "Mozilla/5.0 (Windows NT 10.0; Win64; x64) AppleWebKit/537.36 (KHTML, like Gecko) Chrome/103.0.0.0 Safari/537.36" "217.25.27.58"
172.70.242.153 - - [02/Aug/2022:11:41:57 +0200] "GET /test/ HTTP/1.1" 200 9355 "-" "Mozilla/5.0 (Windows NT 10.0; Win64; x64) AppleWebKit/537.36 (KHTML, like Gecko) Chrome/103.0.0.0 Safari/537.36" "217.25.27.58"
172.70.242.17 - - [02/Aug/2022:11:42:37 +0200] "GET /test/ HTTP/1.1" 200 9355 "-" "Mozilla/5.0 (Windows NT 10.0; Win64; x64) AppleWebKit/537.36 (KHTML, like Gecko) Chrome/103.0.0.0 Safari/537.36" "217.25.27.58"
162.158.91.26 - - [02/Aug/2022:11:44:10 +0200] "GET /test/ HTTP/1.1" 200 9355 "-" "Mozilla/5.0 (Windows NT 10.0; Win64; x64) AppleWebKit/537.36 (KHTML, like Gecko) Chrome/103.0.0.0 Safari/537.36" "217.25.27.58"
172.70.247.70 - - [02/Aug/2022:11:46:20 +0200] "GET /test HTTP/1.1" 301 169 "-" "Mozilla/5.0 (Windows NT 10.0; Win64; x64) AppleWebKit/537.36 (KHTML, like Gecko) Chrome/103.0.0.0 Safari/537.36" "217.25.27.58"
172.70.247.70 - - [02/Aug/2022:11:46:20 +0200] "GET /test/ HTTP/1.1" 200 9355 "-" "Mozilla/5.0 (Windows NT 10.0; Win64; x64) AppleWebKit/537.36 (KHTML, like Gecko) Chrome/103.0.0.0 Safari/537.36" "217.25.27.58"
172.70.247.70 - - [02/Aug/2022:11:46:24 +0200] "GET /test/ HTTP/1.1" 200 9355 "-" "Mozilla/5.0 (Windows NT 10.0; Win64; x64) AppleWebKit/537.36 (KHTML, like Gecko) Chrome/103.0.0.0 Safari/537.36" "217.25.27.58"
172.70.247.70 - - [02/Aug/2022:11:47:16 +0200] "GET /test/ HTTP/1.1" 200 9355 "-" "Mozilla/5.0 (Windows NT 10.0; Win64; x64) AppleWebKit/537.36 (KHTML, like Gecko) Chrome/103.0.0.0 Safari/537.36" "217.25.27.58"
172.70.250.33 - - [02/Aug/2022:11:48:21 +0200] "GET /test HTTP/1.1" 301 169 "-" "Mozilla/5.0 (Windows NT 10.0; Win64; x64) AppleWebKit/537.36 (KHTML, like Gecko) Chrome/103.0.0.0 Safari/537.36" "217.25.27.58"
172.70.250.33 - - [02/Aug/2022:11:48:21 +0200] "GET /test/ HTTP/1.1" 200 9355 "-" "Mozilla/5.0 (Windows NT 10.0; Win64; x64) AppleWebKit/537.36 (KHTML, like Gecko) Chrome/103.0.0.0 Safari/537.36" "217.25.27.58"
172.70.250.33 - - [02/Aug/2022:11:48:31 +0200] "GET /test/ HTTP/1.1" 200 9355 "-" "Mozilla/5.0 (Windows NT 10.0; Win64; x64) AppleWebKit/537.36 (KHTML, like Gecko) Chrome/103.0.0.0 Safari/537.36" "217.25.27.58"
172.70.250.33 - - [02/Aug/2022:11:48:32 +0200] "GET /test/ HTTP/1.1" 200 9355 "-" "Mozilla/5.0 (Windows NT 10.0; Win64; x64) AppleWebKit/537.36 (KHTML, like Gecko) Chrome/103.0.0.0 Safari/537.36" "217.25.27.58"
172.70.250.33 - - [02/Aug/2022:11:48:34 +0200] "GET /test/ HTTP/1.1" 200 9355 "-" "Mozilla/5.0 (Windows NT 10.0; Win64; x64) AppleWebKit/537.36 (KHTML, like Gecko) Chrome/103.0.0.0 Safari/537.36" "217.25.27.58"
172.70.250.33 - - [02/Aug/2022:11:48:36 +0200] "GET /test/ HTTP/1.1" 200 9355 "-" "Mozilla/5.0 (Windows NT 10.0; Win64; x64) AppleWebKit/537.36 (KHTML, like Gecko) Chrome/103.0.0.0 Safari/537.36" "217.25.27.58"
172.70.250.33 - - [02/Aug/2022:11:48:37 +0200] "GET /test/ HTTP/1.1" 200 9355 "-" "Mozilla/5.0 (Windows NT 10.0; Win64; x64) AppleWebKit/537.36 (KHTML, like Gecko) Chrome/103.0.0.0 Safari/537.36" "217.25.27.58"
172.70.250.33 - - [02/Aug/2022:11:48:37 +0200] "GET /test/ HTTP/1.1" 200 9355 "-" "Mozilla/5.0 (Windows NT 10.0; Win64; x64) AppleWebKit/537.36 (KHTML, like Gecko) Chrome/103.0.0.0 Safari/537.36" "217.25.27.58"
172.70.250.33 - - [02/Aug/2022:11:48:38 +0200] "GET /test/ HTTP/1.1" 200 9355 "-" "Mozilla/5.0 (Windows NT 10.0; Win64; x64) AppleWebKit/537.36 (KHTML, like Gecko) Chrome/103.0.0.0 Safari/537.36" "217.25.27.58"
172.70.250.33 - - [02/Aug/2022:11:48:38 +0200] "GET /test/ HTTP/1.1" 200 9355 "-" "Mozilla/5.0 (Windows NT 10.0; Win64; x64) AppleWebKit/537.36 (KHTML, like Gecko) Chrome/103.0.0.0 Safari/537.36" "217.25.27.58"
172.70.250.33 - - [02/Aug/2022:11:48:38 +0200] "GET /test/ HTTP/1.1" 200 9355 "-" "Mozilla/5.0 (Windows NT 10.0; Win64; x64) AppleWebKit/537.36 (KHTML, like Gecko) Chrome/103.0.0.0 Safari/537.36" "217.25.27.58"
172.70.250.33 - - [02/Aug/2022:11:48:38 +0200] "GET /test/ HTTP/1.1" 200 9355 "-" "Mozilla/5.0 (Windows NT 10.0; Win64; x64) AppleWebKit/537.36 (KHTML, like Gecko) Chrome/103.0.0.0 Safari/537.36" "217.25.27.58"
172.71.94.57 - - [02/Aug/2022:12:04:27 +0200] "GET / HTTP/1.1" 200 1128 "-" "Mozilla/5.0 (Windows NT 10.0; Win64; x64) AppleWebKit/537.36 (KHTML, like Gecko) Chrome/103.0.0.0 Safari/537.36" "217.25.27.58"
172.71.94.57 - - [02/Aug/2022:12:07:26 +0200] "GET /test HTTP/1.1" 301 169 "-" "Mozilla/5.0 (Windows NT 10.0; Win64; x64) AppleWebKit/537.36 (KHTML, like Gecko) Chrome/103.0.0.0 Safari/537.36" "217.25.27.58"
172.71.94.57 - - [02/Aug/2022:12:07:26 +0200] "GET /test/ HTTP/1.1" 200 9355 "-" "Mozilla/5.0 (Windows NT 10.0; Win64; x64) AppleWebKit/537.36 (KHTML, like Gecko) Chrome/103.0.0.0 Safari/537.36" "217.25.27.58"
141.101.77.52 - - [02/Aug/2022:12:08:58 +0200] "GET /test/ HTTP/1.1" 200 9355 "-" "Mozilla/5.0 (Windows NT 10.0; Win64; x64) AppleWebKit/537.36 (KHTML, like Gecko) Chrome/103.0.0.0 Safari/537.36" "217.25.27.58"
217.25.27.58 - - [02/Aug/2022:12:50:31 +0200] "GET /test HTTP/1.1" 301 169 "-" "Mozilla/5.0 (Windows NT 10.0; WOW64) AppleWebKit/537.36 (KHTML, like Gecko) Chrome/103.0.0.0 Safari/537.36" "-"
217.25.27.58 - - [02/Aug/2022:12:50:31 +0200] "GET /test/ HTTP/1.1" 200 9367 "-" "Mozilla/5.0 (Windows NT 10.0; WOW64) AppleWebKit/537.36 (KHTML, like Gecko) Chrome/103.0.0.0 Safari/537.36" "-"
162.158.89.252 - aile.a-group.az [04/Aug/2022:11:21:08 +0400] "GET / HTTP/2.0" 502 552 "-" "Mozilla/5.0 (Windows NT 10.0; Win64; x64) AppleWebKit/537.36 (KHTML, like Gecko) Chrome/103.0.0.0 Safari/537.36" "217.25.27.58"rt=0.000 ut=0.000 cs=-
172.70.251.112 - aile.a-group.az [04/Aug/2022:11:22:34 +0400] "GET / HTTP/2.0" 502 150 "-" "Mozilla/5.0 (iPhone; CPU iPhone OS 15_5 like Mac OS X) AppleWebKit/605.1.15 (KHTML, like Gecko) CriOS/103.0.5060.63 Mobile/15E148 Safari/604.1" "5.44.39.82"rt=0.000 ut=0.000 cs=-
172.71.102.15 - aile.a-group.az [04/Aug/2022:11:31:08 +0400] "GET / HTTP/2.0" 502 552 "-" "Mozilla/5.0 (Windows NT 10.0; Win64; x64) AppleWebKit/537.36 (KHTML, like Gecko) Chrome/103.0.0.0 Safari/537.36" "217.25.27.58"rt=0.000 ut=0.000 cs=-
172.71.102.15 - aile.a-group.az [04/Aug/2022:11:34:35 +0400] "GET / HTTP/2.0" 502 552 "-" "Mozilla/5.0 (Windows NT 10.0; Win64; x64) AppleWebKit/537.36 (KHTML, like Gecko) Chrome/103.0.0.0 Safari/537.36" "217.25.27.58"rt=0.000 ut=0.000 cs=-
172.71.102.15 - aile.a-group.az [04/Aug/2022:11:34:39 +0400] "GET / HTTP/2.0" 502 552 "-" "Mozilla/5.0 (Windows NT 10.0; Win64; x64) AppleWebKit/537.36 (KHTML, like Gecko) Chrome/103.0.0.0 Safari/537.36" "217.25.27.58"rt=0.000 ut=0.000 cs=-
172.20.80.6 - aile.a-group.az [04/Aug/2022:11:38:30 +0400] "GET / HTTP/2.0" 502 552 "-" "Mozilla/5.0 (Windows NT 10.0; Win64; x64) AppleWebKit/537.36 (KHTML, like Gecko) Chrome/103.0.0.0 Safari/537.36" "-"rt=0.000 ut=0.000 cs=-
85.132.78.58 - aile.a-group.az [04/Aug/2022:11:55:37 +0400] "GET / HTTP/2.0" 502 150 "-" "Mozilla/5.0 (Windows NT 10.0; Win64; x64; rv:102.0) Gecko/20100101 Firefox/102.0" "-"rt=0.000 ut=0.000 cs=-
85.132.78.58 - aile.a-group.az [04/Aug/2022:11:55:57 +0400] "GET / HTTP/2.0" 502 150 "-" "Mozilla/5.0 (Windows NT 10.0; Win64; x64; rv:102.0) Gecko/20100101 Firefox/102.0" "-"rt=0.000 ut=0.000 cs=-
172.20.80.6 - aile.a-group.az [04/Aug/2022:11:57:26 +0400] "GET / HTTP/2.0" 502 552 "-" "Mozilla/5.0 (Windows NT 10.0; Win64; x64) AppleWebKit/537.36 (KHTML, like Gecko) Chrome/103.0.0.0 Safari/537.36" "-"rt=0.000 ut=0.000 cs=-
172.20.80.6 - aile.a-group.az [04/Aug/2022:11:58:57 +0400] "GET / HTTP/2.0" 502 552 "-" "Mozilla/5.0 (Windows NT 10.0; Win64; x64) AppleWebKit/537.36 (KHTML, like Gecko) Chrome/103.0.0.0 Safari/537.36" "-"rt=0.000 ut=0.000 cs=-
172.20.80.6 - aile.a-group.az [04/Aug/2022:11:59:34 +0400] "GET /test HTTP/2.0" 301 162 "-" "Mozilla/5.0 (Windows NT 10.0; Win64; x64) AppleWebKit/537.36 (KHTML, like Gecko) Chrome/103.0.0.0 Safari/537.36" "-"rt=0.000 ut=- cs=-
172.20.80.6 - aile.a-group.az [04/Aug/2022:11:59:34 +0400] "GET /test/ HTTP/2.0" 502 552 "-" "Mozilla/5.0 (Windows NT 10.0; Win64; x64) AppleWebKit/537.36 (KHTML, like Gecko) Chrome/103.0.0.0 Safari/537.36" "-"rt=0.000 ut=0.000 cs=-
85.132.78.58 - aile.a-group.az [04/Aug/2022:12:00:05 +0400] "GET / HTTP/2.0" 502 150 "-" "Mozilla/5.0 (Windows NT 10.0; Win64; x64; rv:102.0) Gecko/20100101 Firefox/102.0" "-"rt=0.000 ut=0.000 cs=-
172.20.80.6 - aile.a-group.az [04/Aug/2022:12:07:19 +0400] "GET / HTTP/2.0" 502 552 "-" "Mozilla/5.0 (Windows NT 10.0; Win64; x64) AppleWebKit/537.36 (KHTML, like Gecko) Chrome/103.0.0.0 Safari/537.36" "-"rt=0.000 ut=0.000 cs=-
172.20.80.3 - aile.a-group.az [04/Aug/2022:12:08:11 +0400] "GET / HTTP/2.0" 502 552 "-" "Mozilla/5.0 (Windows NT 10.0; Win64; x64) AppleWebKit/537.36 (KHTML, like Gecko) Chrome/103.0.0.0 Safari/537.36" "-"rt=0.000 ut=0.000 cs=-
172.20.80.3 - aile.a-group.az [04/Aug/2022:12:08:14 +0400] "GET / HTTP/2.0" 502 552 "-" "Mozilla/5.0 (Windows NT 10.0; Win64; x64) AppleWebKit/537.36 (KHTML, like Gecko) Chrome/103.0.0.0 Safari/537.36" "-"rt=0.000 ut=0.000 cs=-
172.20.80.3 - aile.a-group.az [04/Aug/2022:12:08:19 +0400] "GET /index.php HTTP/2.0" 502 552 "-" "Mozilla/5.0 (Windows NT 10.0; Win64; x64) AppleWebKit/537.36 (KHTML, like Gecko) Chrome/103.0.0.0 Safari/537.36" "-"rt=0.000 ut=0.000 cs=-
172.20.80.3 - aile.a-group.az [04/Aug/2022:12:08:26 +0400] "GET /test/index.php HTTP/2.0" 502 552 "-" "Mozilla/5.0 (Windows NT 10.0; Win64; x64) AppleWebKit/537.36 (KHTML, like Gecko) Chrome/103.0.0.0 Safari/537.36" "-"rt=0.000 ut=0.000 cs=-
172.20.80.3 - aile.a-group.az [04/Aug/2022:12:08:36 +0400] "GET /www/index.php HTTP/2.0" 502 552 "-" "Mozilla/5.0 (Windows NT 10.0; Win64; x64) AppleWebKit/537.36 (KHTML, like Gecko) Chrome/103.0.0.0 Safari/537.36" "-"rt=0.000 ut=0.000 cs=-
172.20.80.3 - aile.a-group.az [04/Aug/2022:12:08:40 +0400] "GET /www HTTP/2.0" 301 162 "-" "Mozilla/5.0 (Windows NT 10.0; Win64; x64) AppleWebKit/537.36 (KHTML, like Gecko) Chrome/103.0.0.0 Safari/537.36" "-"rt=0.000 ut=- cs=-
172.20.80.3 - aile.a-group.az [04/Aug/2022:12:08:40 +0400] "GET /www/ HTTP/2.0" 502 552 "-" "Mozilla/5.0 (Windows NT 10.0; Win64; x64) AppleWebKit/537.36 (KHTML, like Gecko) Chrome/103.0.0.0 Safari/537.36" "-"rt=0.000 ut=0.000 cs=-
172.20.80.6 - aile.a-group.az [04/Aug/2022:12:11:27 +0400] "GET / HTTP/2.0" 502 552 "-" "Mozilla/5.0 (Windows NT 10.0; Win64; x64) AppleWebKit/537.36 (KHTML, like Gecko) Chrome/103.0.0.0 Safari/537.36" "-"rt=0.000 ut=0.000 cs=-
172.20.80.3 - aile.a-group.az [04/Aug/2022:12:11:34 +0400] "GET /www/ HTTP/2.0" 502 552 "-" "Mozilla/5.0 (Windows NT 10.0; Win64; x64) AppleWebKit/537.36 (KHTML, like Gecko) Chrome/103.0.0.0 Safari/537.36" "-"rt=0.000 ut=0.000 cs=-
172.20.80.3 - aile.a-group.az [04/Aug/2022:12:11:35 +0400] "GET /www/ HTTP/2.0" 502 552 "-" "Mozilla/5.0 (Windows NT 10.0; Win64; x64) AppleWebKit/537.36 (KHTML, like Gecko) Chrome/103.0.0.0 Safari/537.36" "-"rt=0.000 ut=0.000 cs=-
172.20.80.3 - aile.a-group.az [04/Aug/2022:12:11:35 +0400] "GET /www/ HTTP/2.0" 502 552 "-" "Mozilla/5.0 (Windows NT 10.0; Win64; x64) AppleWebKit/537.36 (KHTML, like Gecko) Chrome/103.0.0.0 Safari/537.36" "-"rt=0.000 ut=0.000 cs=-
172.20.80.3 - aile.a-group.az [04/Aug/2022:12:11:35 +0400] "GET /www/ HTTP/2.0" 502 552 "-" "Mozilla/5.0 (Windows NT 10.0; Win64; x64) AppleWebKit/537.36 (KHTML, like Gecko) Chrome/103.0.0.0 Safari/537.36" "-"rt=0.000 ut=0.000 cs=-
172.20.80.3 - aile.a-group.az [04/Aug/2022:12:11:35 +0400] "GET /www/ HTTP/2.0" 502 552 "-" "Mozilla/5.0 (Windows NT 10.0; Win64; x64) AppleWebKit/537.36 (KHTML, like Gecko) Chrome/103.0.0.0 Safari/537.36" "-"rt=0.000 ut=0.000 cs=-
172.20.80.3 - aile.a-group.az [04/Aug/2022:12:11:36 +0400] "GET /www/ HTTP/2.0" 502 552 "-" "Mozilla/5.0 (Windows NT 10.0; Win64; x64) AppleWebKit/537.36 (KHTML, like Gecko) Chrome/103.0.0.0 Safari/537.36" "-"rt=0.000 ut=0.000 cs=-
172.20.80.6 - aile.a-group.az [04/Aug/2022:12:12:01 +0400] "GET / HTTP/2.0" 502 552 "-" "Mozilla/5.0 (Windows NT 10.0; Win64; x64) AppleWebKit/537.36 (KHTML, like Gecko) Chrome/103.0.0.0 Safari/537.36" "-"rt=0.000 ut=0.000 cs=-
172.20.80.6 - aile.a-group.az [04/Aug/2022:12:12:04 +0400] "GET / HTTP/2.0" 502 552 "-" "Mozilla/5.0 (Windows NT 10.0; Win64; x64) AppleWebKit/537.36 (KHTML, like Gecko) Chrome/103.0.0.0 Safari/537.36" "-"rt=0.000 ut=0.000 cs=-
172.20.80.3 - aile.a-group.az [04/Aug/2022:12:17:40 +0400] "GET /www/ HTTP/2.0" 502 552 "-" "Mozilla/5.0 (Windows NT 10.0; Win64; x64) AppleWebKit/537.36 (KHTML, like Gecko) Chrome/103.0.0.0 Safari/537.36" "-"rt=0.000 ut=0.000 cs=-
174.129.62.243 - vpn.a-group.az [04/Aug/2022:12:19:40 +0400] "GET / HTTP/1.1" 502 150 "-" "Mozilla/5.0 (Windows NT 10.0; Win64; x64; rv:59.0) Gecko/20100101 Firefox/59.0" "-"rt=0.000 ut=0.000 cs=-
170.187.194.128 - vpn.a-group.az [04/Aug/2022:12:19:41 +0400] "OPTIONS / HTTP/1.1" 405 552 "-" "Mozilla/5.0 (Windows NT 10.0; Win64; x64) AppleWebKit/537.36 (KHTML, like Gecko) Chrome/66.0.3359.139 Safari/537.36" "-"rt=0.000 ut=- cs=-
34.91.22.215 - vpn.a-group.az [04/Aug/2022:12:19:42 +0400] "GET / HTTP/2.0" 502 150 "-" "Mozilla/5.0 (X11; Ubuntu; Linux x86_64; rv:59.0) Gecko/20100101 Firefox/59.0" "-"rt=0.000 ut=0.000 cs=-
172.20.80.6 - aile.a-group.az [04/Aug/2022:12:21:04 +0400] "GET / HTTP/2.0" 502 552 "-" "Mozilla/5.0 (Windows NT 10.0; Win64; x64) AppleWebKit/537.36 (KHTML, like Gecko) Chrome/103.0.0.0 Safari/537.36" "-"rt=0.000 ut=0.000 cs=-
172.20.80.6 - aile.a-group.az [04/Aug/2022:12:21:06 +0400] "GET / HTTP/2.0" 502 552 "-" "Mozilla/5.0 (Windows NT 10.0; Win64; x64) AppleWebKit/537.36 (KHTML, like Gecko) Chrome/103.0.0.0 Safari/537.36" "-"rt=0.000 ut=0.000 cs=-
172.20.80.6 - aile.a-group.az [04/Aug/2022:12:21:08 +0400] "GET / HTTP/2.0" 502 552 "-" "Mozilla/5.0 (Windows NT 10.0; Win64; x64) AppleWebKit/537.36 (KHTML, like Gecko) Chrome/103.0.0.0 Safari/537.36" "-"rt=0.000 ut=0.000 cs=-
172.20.80.6 - aile.a-group.az [04/Aug/2022:12:21:40 +0400] "GET / HTTP/2.0" 502 552 "-" "Mozilla/5.0 (Windows NT 10.0; Win64; x64) AppleWebKit/537.36 (KHTML, like Gecko) Chrome/103.0.0.0 Safari/537.36" "-"rt=0.000 ut=0.000 cs=-
172.20.80.6 - aile.a-group.az [04/Aug/2022:12:22:15 +0400] "GET / HTTP/2.0" 502 552 "-" "Mozilla/5.0 (Windows NT 10.0; Win64; x64) AppleWebKit/537.36 (KHTML, like Gecko) Chrome/103.0.0.0 Safari/537.36" "-"rt=0.000 ut=0.000 cs=-
172.20.80.3 - aile.a-group.az [04/Aug/2022:12:28:40 +0400] "GET / HTTP/2.0" 502 552 "-" "Mozilla/5.0 (Windows NT 10.0; Win64; x64) AppleWebKit/537.36 (KHTML, like Gecko) Chrome/103.0.0.0 Safari/537.36" "-"rt=0.000 ut=0.000 cs=-
172.20.80.3 - aile.a-group.az [04/Aug/2022:12:28:44 +0400] "GET / HTTP/2.0" 502 552 "-" "Mozilla/5.0 (Windows NT 10.0; Win64; x64) AppleWebKit/537.36 (KHTML, like Gecko) Chrome/103.0.0.0 Safari/537.36" "-"rt=0.000 ut=0.000 cs=-
172.20.80.3 - aile.a-group.az [04/Aug/2022:12:56:32 +0400] "GET / HTTP/2.0" 502 552 "-" "Mozilla/5.0 (Windows NT 10.0; Win64; x64) AppleWebKit/537.36 (KHTML, like Gecko) Chrome/103.0.0.0 Safari/537.36" "-"rt=0.000 ut=0.000 cs=-
172.20.80.3 - aile.a-group.az [04/Aug/2022:12:56:36 +0400] "GET / HTTP/2.0" 502 552 "-" "Mozilla/5.0 (Windows NT 10.0; Win64; x64) AppleWebKit/537.36 (KHTML, like Gecko) Chrome/103.0.0.0 Safari/537.36" "-"rt=0.000 ut=0.000 cs=-
172.20.80.3 - aile.a-group.az [04/Aug/2022:12:56:41 +0400] "GET /test HTTP/2.0" 301 162 "-" "Mozilla/5.0 (Windows NT 10.0; Win64; x64) AppleWebKit/537.36 (KHTML, like Gecko) Chrome/103.0.0.0 Safari/537.36" "-"rt=0.000 ut=- cs=-
172.20.80.3 - aile.a-group.az [04/Aug/2022:12:56:41 +0400] "GET /test/ HTTP/2.0" 502 552 "-" "Mozilla/5.0 (Windows NT 10.0; Win64; x64) AppleWebKit/537.36 (KHTML, like Gecko) Chrome/103.0.0.0 Safari/537.36" "-"rt=0.000 ut=0.000 cs=-
172.20.80.6 - aile.a-group.az [04/Aug/2022:13:03:28 +0400] "GET / HTTP/2.0" 502 552 "-" "Mozilla/5.0 (Windows NT 10.0; Win64; x64) AppleWebKit/537.36 (KHTML, like Gecko) Chrome/103.0.0.0 Safari/537.36" "-"rt=0.000 ut=0.000 cs=-
172.20.80.6 - aile.a-group.az [04/Aug/2022:13:04:19 +0400] "GET / HTTP/2.0" 502 552 "-" "Mozilla/5.0 (Windows NT 10.0; Win64; x64) AppleWebKit/537.36 (KHTML, like Gecko) Chrome/103.0.0.0 Safari/537.36" "-"rt=0.000 ut=0.000 cs=-
172.20.80.6 - aile.a-group.az [04/Aug/2022:13:04:20 +0400] "GET / HTTP/2.0" 502 552 "-" "Mozilla/5.0 (Windows NT 10.0; Win64; x64) AppleWebKit/537.36 (KHTML, like Gecko) Chrome/103.0.0.0 Safari/537.36" "-"rt=0.000 ut=0.000 cs=-
172.20.80.6 - aile.a-group.az [04/Aug/2022:13:04:20 +0400] "GET / HTTP/2.0" 502 552 "-" "Mozilla/5.0 (Windows NT 10.0; Win64; x64) AppleWebKit/537.36 (KHTML, like Gecko) Chrome/103.0.0.0 Safari/537.36" "-"rt=0.000 ut=0.000 cs=-
172.20.80.6 - aile.a-group.az [04/Aug/2022:13:04:21 +0400] "GET / HTTP/2.0" 502 552 "-" "Mozilla/5.0 (Windows NT 10.0; Win64; x64) AppleWebKit/537.36 (KHTML, like Gecko) Chrome/103.0.0.0 Safari/537.36" "-"rt=0.000 ut=0.000 cs=-
172.20.80.6 - aile.a-group.az [04/Aug/2022:13:04:21 +0400] "GET / HTTP/2.0" 502 552 "-" "Mozilla/5.0 (Windows NT 10.0; Win64; x64) AppleWebKit/537.36 (KHTML, like Gecko) Chrome/103.0.0.0 Safari/537.36" "-"rt=0.000 ut=0.000 cs=-
172.20.80.6 - aile.a-group.az [04/Aug/2022:13:04:22 +0400] "GET / HTTP/2.0" 502 552 "-" "Mozilla/5.0 (Windows NT 10.0; Win64; x64) AppleWebKit/537.36 (KHTML, like Gecko) Chrome/103.0.0.0 Safari/537.36" "-"rt=0.000 ut=0.000 cs=-
172.20.80.6 - aile.a-group.az [04/Aug/2022:13:04:24 +0400] "GET / HTTP/2.0" 502 552 "-" "Mozilla/5.0 (Windows NT 10.0; Win64; x64) AppleWebKit/537.36 (KHTML, like Gecko) Chrome/103.0.0.0 Safari/537.36" "-"rt=0.000 ut=0.000 cs=-
172.20.80.6 - aile.a-group.az [04/Aug/2022:13:04:28 +0400] "GET / HTTP/2.0" 502 552 "-" "Mozilla/5.0 (Windows NT 10.0; Win64; x64) AppleWebKit/537.36 (KHTML, like Gecko) Chrome/103.0.0.0 Safari/537.36" "-"rt=0.000 ut=0.000 cs=-
172.20.80.6 - aile.a-group.az [04/Aug/2022:13:04:29 +0400] "GET / HTTP/2.0" 502 552 "-" "Mozilla/5.0 (Windows NT 10.0; Win64; x64) AppleWebKit/537.36 (KHTML, like Gecko) Chrome/103.0.0.0 Safari/537.36" "-"rt=0.000 ut=0.000 cs=-
172.20.80.6 - aile.a-group.az [04/Aug/2022:13:04:30 +0400] "GET / HTTP/2.0" 502 552 "-" "Mozilla/5.0 (Windows NT 10.0; Win64; x64) AppleWebKit/537.36 (KHTML, like Gecko) Chrome/103.0.0.0 Safari/537.36" "-"rt=0.000 ut=0.000 cs=-
172.20.80.6 - aile.a-group.az [04/Aug/2022:13:04:30 +0400] "GET / HTTP/2.0" 502 552 "-" "Mozilla/5.0 (Windows NT 10.0; Win64; x64) AppleWebKit/537.36 (KHTML, like Gecko) Chrome/103.0.0.0 Safari/537.36" "-"rt=0.000 ut=0.000 cs=-
104.232.199.85 - vpn.a-group.az [04/Aug/2022:13:54:33 +0400] "GET / HTTP/1.1" 502 150 "-" "Mozilla/5.0 (Windows NT 6.3; WOW64; rv:43.0) Gecko/20100101 Firefox/43.0" "-"rt=0.000 ut=0.000 cs=-
45.5.65.188 - mx2.a-group.az [04/Aug/2022:13:54:38 +0400] "GET / HTTP/1.1" 502 150 "-" "Mozilla/5.0 (Windows NT 6.3; WOW64; rv:43.0) Gecko/20100101 Firefox/43.0" "-"rt=0.000 ut=0.000 cs=-
172.121.222.137 - vpn.a-group.az [04/Aug/2022:13:55:05 +0400] "GET / HTTP/1.1" 502 150 "-" "Mozilla/5.0 (X11; Ubuntu; Linux x86_64; rv:94.0) Gecko/20100101 Firefox/94.0" "-"rt=0.000 ut=0.000 cs=-
172.121.222.137 - vpn.a-group.az [04/Aug/2022:13:55:06 +0400] "GET /robots.txt HTTP/1.1" 502 150 "-" "Mozilla/5.0 (X11; Ubuntu; Linux x86_64; rv:94.0) Gecko/20100101 Firefox/94.0" "-"rt=0.000 ut=0.000 cs=-
172.121.222.137 - vpn.a-group.az [04/Aug/2022:13:55:06 +0400] "GET / HTTP/1.1" 502 150 "-" "Mozilla/5.0 (X11; Ubuntu; Linux x86_64; rv:94.0) Gecko/20100101 Firefox/94.0" "-"rt=0.000 ut=0.000 cs=-
104.233.61.137 - mx2.a-group.az [04/Aug/2022:13:55:08 +0400] "GET / HTTP/1.1" 502 150 "-" "Mozilla/5.0 (Windows; U; Windows NT 5.0; en-US; rv:1.4b) Gecko/20030516 Mozilla Firebird/0.6" "-"rt=0.000 ut=0.000 cs=-
104.233.61.137 - mx2.a-group.az [04/Aug/2022:13:55:12 +0400] "GET /robots.txt HTTP/1.1" 502 150 "-" "Mozilla/5.0 (Windows; U; Windows NT 5.0; en-US; rv:1.4b) Gecko/20030516 Mozilla Firebird/0.6" "-"rt=0.000 ut=0.000 cs=-
104.233.61.137 - mx2.a-group.az [04/Aug/2022:13:55:16 +0400] "GET / HTTP/1.1" 502 150 "-" "Mozilla/5.0 (Windows; U; Windows NT 5.0; en-US; rv:1.4b) Gecko/20030516 Mozilla Firebird/0.6" "-"rt=0.000 ut=0.000 cs=-
172.20.80.6 - aile.a-group.az [04/Aug/2022:14:13:52 +0400] "GET / HTTP/2.0" 502 552 "-" "Mozilla/5.0 (Windows NT 10.0; Win64; x64) AppleWebKit/537.36 (KHTML, like Gecko) Chrome/103.0.0.0 Safari/537.36" "-"rt=0.000 ut=0.000 cs=-
188.165.202.227 - vpn.a-group.az [04/Aug/2022:14:56:18 +0400] "HEAD / HTTP/2.0" 502 0 "https://www.bing.com" "Mozilla/5.0 (Windows NT 5.1) AppleWebKit/537.36 (KHTML, like Gecko) Chrome/34.0.1847.116 Safari/537.36 Mozilla/5.0 (iPad; U; CPU OS 3_2 like Mac OS X; en-us) AppleWebKit/531.21.10 (KHTML, like Gecko) Version/4.0.4 Mobile/7B334b Safari/531.21.10" "-"rt=0.000 ut=0.000 cs=-
172.20.80.6 - aile.a-group.az [04/Aug/2022:15:12:28 +0400] "GET / HTTP/2.0" 502 552 "-" "Mozilla/5.0 (Windows NT 10.0; Win64; x64) AppleWebKit/537.36 (KHTML, like Gecko) Chrome/103.0.0.0 Safari/537.36" "-"rt=0.000 ut=0.000 cs=-
182.43.254.96 - aile.a-group.az [04/Aug/2022:20:53:47 +0400] "OPTIONS / HTTP/1.0" 405 150 "-" "-" "-"rt=0.000 ut=- cs=-
5.197.248.168 - aile.a-group.az [04/Aug/2022:22:30:55 +0400] "GET / HTTP/2.0" 502 150 "-" "Mozilla/5.0 (iPhone; CPU iPhone OS 15_5 like Mac OS X) AppleWebKit/605.1.15 (KHTML, like Gecko) CriOS/103.0.5060.63 Mobile/15E148 Safari/604.1" "-"rt=0.000 ut=0.000 cs=-
5.197.248.168 - aile.a-group.az [04/Aug/2022:22:30:55 +0400] "GET / HTTP/2.0" 502 150 "-" "Mozilla/5.0 (iPhone; CPU iPhone OS 15_5 like Mac OS X) AppleWebKit/605.1.15 (KHTML, like Gecko) CriOS/103.0.5060.63 Mobile/15E148 Safari/604.1" "-"rt=0.000 ut=0.000 cs=-
162.0.224.206 - vpn.a-group.az [04/Aug/2022:23:33:20 +0400] "GET /wp-login.php HTTP/1.1" 404 146 "http://vpn.a-group.az/wp-login.php" "Mozilla/5.0 (Windows NT 10.0; Win64; x64; rv:96.0) Gecko/20100101 Firefox/96" "-"rt=0.000 ut=- cs=-
192.241.206.112 - aile.a-group.az [05/Aug/2022:00:21:33 +0400] "MGLNDD_217.64.17.131_443" 400 150 "-" "-" "-"rt=0.000 ut=- cs=-
66.249.65.195 - aile.a-group.az [05/Aug/2022:00:25:33 +0400] "GET /robots.txt HTTP/1.1" 502 150 "-" "Mozilla/5.0 (compatible; Googlebot/2.1; +http://www.google.com/bot.html)" "-"rt=0.000 ut=0.000 cs=-
66.249.65.197 - aile.a-group.az [05/Aug/2022:01:10:33 +0400] "GET /robots.txt HTTP/1.1" 502 150 "-" "Mozilla/5.0 (compatible; Googlebot/2.1; +http://www.google.com/bot.html)" "-"rt=0.000 ut=0.000 cs=-
66.240.205.34 - aile.a-group.az [05/Aug/2022:01:14:55 +0400] "H\x00\x00\x00tj\xA8\x9E#D\x98+\xCA\xF0\xA7\xBBl\xC5\x19\xD7\x8D\xB6\x18\xEDJ\x1En\xC1\xF9xu[l\xF0E\x1D-j\xEC\xD4xL\xC9r\xC9\x15\x10u\xE0%\x86Rtg\x05fv\x86]%\xCC\x80\x0C\xE8\xCF\xAE\x00\xB5\xC0f\xC8\x8DD\xC5\x09\xF4" 400 150 "-" "-" "-"rt=0.000 ut=- cs=-
66.249.65.195 - aile.a-group.az [05/Aug/2022:01:55:33 +0400] "GET /robots.txt HTTP/1.1" 502 150 "-" "Mozilla/5.0 (compatible; Googlebot/2.1; +http://www.google.com/bot.html)" "-"rt=0.000 ut=0.000 cs=-
205.210.31.9 - vpn.a-group.az [05/Aug/2022:02:41:43 +0400] "GET / HTTP/1.1" 502 150 "-" "Expanse, a Palo Alto Networks company, searches across the global IPv4 space multiple times per day to identify customers&#39; presences on the Internet. If you would like to be excluded from our scans, please send IP addresses/domains to: scaninfo@paloaltonetworks.com" "-"rt=0.000 ut=0.000 cs=-
195.96.137.6 - mx2.a-group.az [05/Aug/2022:06:14:18 +0400] "GET /server-status HTTP/1.1" 400 248 "-" "curl/7.54.0" "-"rt=0.000 ut=- cs=-
195.96.137.6 - mx2.a-group.az [05/Aug/2022:06:14:18 +0400] "GET /HNAP1 HTTP/1.1" 502 150 "-" "curl/7.54.0" "-"rt=0.000 ut=0.000 cs=-
195.96.137.6 - aile.a-group.az [05/Aug/2022:06:14:18 +0400] "GET / HTTP/1.0" 502 150 "-" "-" "-"rt=0.000 ut=0.000 cs=-
195.96.137.6 - mx2.a-group.az [05/Aug/2022:06:14:18 +0400] "GET /?=PHPE9568F36-D428-11d2-A769-00AA001ACF42 HTTP/1.1" 502 150 "-" "curl/7.54.0" "-"rt=0.000 ut=0.000 cs=-
195.96.137.6 - mx2.a-group.az [05/Aug/2022:06:14:18 +0400] "GET / HTTP/1.1" 502 150 "-" "curl/7.54.0" "-"rt=0.000 ut=0.000 cs=-
195.96.137.6 - mx2.a-group.az [05/Aug/2022:06:14:18 +0400] "POST /scripts/WPnBr.dll HTTP/1.1" 502 150 "-" "curl/7.54.0" "-"rt=0.000 ut=0.000 cs=-
195.96.137.6 - mx2.a-group.az [05/Aug/2022:06:14:18 +0400] "GET /inicio.aspx HTTP/1.1" 502 150 "-" "curl/7.54.0" "-"rt=0.000 ut=0.000 cs=-
195.96.137.6 - mx2.a-group.az [05/Aug/2022:06:14:18 +0400] "GET /Portal0000.htm HTTP/1.1" 502 150 "-" "curl/7.54.0" "-"rt=0.000 ut=0.000 cs=-
195.96.137.6 - mx2.a-group.az [05/Aug/2022:06:14:18 +0400] "GET /default.aspx HTTP/1.1" 502 150 "-" "curl/7.54.0" "-"rt=0.000 ut=0.000 cs=-
